// Jest Snapshot v1, https://goo.gl/fbAQLP

exports[`Text Test 1`] = `
<div>
  <p
    class="sx8ivet sx8ivet9n3hc--level-normal sx8iveth4u4f--weight-normal sx8ivetfxkwo--color-normal sx8ivet0o7ux--align-left sx8ivethb40l--spacing-small sx8ivet8316w--font-mulish"
    data-testid="text"
  >
    Hello
  </p>
</div>
`;
