// Jest Snapshot v1, https://goo.gl/fbAQLP

exports[`MessageBox Test 1`] = `
<div>
  <div
    class="sxeg1y8 sxeg1y880y8k--type-info"
    data-testid="messageBox"
  >
    <p
      class="sx180ps sx180ps59c0g--level-info sx180psh4u4f--weight-normal sx180psfxkwo--color-normal sx180ps0o7ux--align-left sx180pszvy3i--spacing-none"
      data-testid="text"
    >
      Hello
    </p>
  </div>
</div>
`;
