// Jest Snapshot v1, https://goo.gl/fbAQLP

exports[`MessageBox Test 1`] = `
<div>
  <div
    class="sxeg1y8 sxeg1y880y8k--type-info"
    data-testid="messageBox"
  >
    <p
      class="sx8ivet sx8ivet59c0g--level-info sx8iveth4u4f--weight-normal sx8ivetfxkwo--color-normal sx8ivet0o7ux--align-left sx8ivetzvy3i--spacing-none sx8ivet8316w--font-mulish"
      data-testid="text"
    >
      Hello
    </p>
  </div>
</div>
`;
